// Bun Snapshot v1, https://goo.gl/fbAQLP

exports[`regexp '' conditional failure tests Error to match snapshot 1`] = `
{
  "expected": [
    "^[a-z]+",
  ],
  "pos": {
    "column": 1,
    "index": 0,
    "line": 1,
  },
}
`;

exports[`regexp 'this' conditional success tests AST to match snapshot 1`] = `"this"`;

exports[`regexp 'thisthat' conditional success tests AST to match snapshot 1`] = `"thisthat"`;

exports[`regexp '2thisthat' conditional failure tests Error to match snapshot 1`] = `
{
  "expected": [
    "^[a-z]+",
  ],
  "pos": {
    "column": 1,
    "index": 0,
    "line": 1,
  },
}
`;

exports[`regexp '&foo' conditional failure tests Error to match snapshot 1`] = `
{
  "expected": [
    "^[a-z]+",
  ],
  "pos": {
    "column": 1,
    "index": 0,
    "line": 1,
  },
}
`;
