// Bun Snapshot v1, https://goo.gl/fbAQLP

exports[`map '' conditional failure tests Error to match snapshot 1`] = `
{
  "expected": [
    "'this'",
  ],
  "pos": {
    "column": 1,
    "index": 0,
    "line": 1,
  },
}
`;

exports[`map 'this' conditional success tests AST to match snapshot 1`] = `"this is the result"`;

exports[`map 'foo' conditional failure tests Error to match snapshot 1`] = `
{
  "expected": [
    "'this'",
  ],
  "pos": {
    "column": 1,
    "index": 0,
    "line": 1,
  },
}
`;
